/tmp/fb/fb_minute_entry.py:29: UserWarning: pandas only supports SQLAlchemy connectable (engine/connection) or database string URI or sqlite3 DBAPI2 connection. Other DBAPI2 objects are not tested. Please consider using SQLAlchemy.
  stocks = pd.read_sql("SELECT vt_symbol, symbol, name FROM stocks", conn)
/tmp/fb/fb_minute_entry.py:30: UserWarning: pandas only supports SQLAlchemy connectable (engine/connection) or database string URI or sqlite3 DBAPI2 connection. Other DBAPI2 objects are not tested. Please consider using SQLAlchemy.
  bars = pd.read_sql(
/tmp/fb/fb_minute_entry.py:34: UserWarning: pandas only supports SQLAlchemy connectable (engine/connection) or database string URI or sqlite3 DBAPI2 connection. Other DBAPI2 objects are not tested. Please consider using SQLAlchemy.
  lu = pd.read_sql(
/tmp/fb/fb_good_bad.py:42: UserWarning: pandas only supports SQLAlchemy connectable (engine/connection) or database string URI or sqlite3 DBAPI2 connection. Other DBAPI2 objects are not tested. Please consider using SQLAlchemy.
  ind_df = pd.read_sql("SELECT vt_symbol, industry FROM stocks", conn)
/tmp/fb/fb_good_bad.py:70: UserWarning: pandas only supports SQLAlchemy connectable (engine/connection) or database string URI or sqlite3 DBAPI2 connection. Other DBAPI2 objects are not tested. Please consider using SQLAlchemy.
  mb = pd.read_sql(
[1m] 2026-06: 49/50 对
/tmp/fb/fb_good_bad.py:70: UserWarning: pandas only supports SQLAlchemy connectable (engine/connection) or database string URI or sqlite3 DBAPI2 connection. Other DBAPI2 objects are not tested. Please consider using SQLAlchemy.
  mb = pd.read_sql(
[1m] 2026-07: 33/34 对
/tmp/fb/fb_good_bad.py:70: UserWarning: pandas only supports SQLAlchemy connectable (engine/connection) or database string URI or sqlite3 DBAPI2 connection. Other DBAPI2 objects are not tested. Please consider using SQLAlchemy.
  mb = pd.read_sql(
[1m] 2026-08: 20/21 对
/tmp/fb/fb_good_bad.py:70: UserWarning: pandas only supports SQLAlchemy connectable (engine/connection) or database string URI or sqlite3 DBAPI2 connection. Other DBAPI2 objects are not tested. Please consider using SQLAlchemy.
  mb = pd.read_sql(
[5m] 2026-04: 93/164 对
/tmp/fb/fb_good_bad.py:70: UserWarning: pandas only supports SQLAlchemy connectable (engine/connection) or database string URI or sqlite3 DBAPI2 connection. Other DBAPI2 objects are not tested. Please consider using SQLAlchemy.
  mb = pd.read_sql(
[5m] 2026-05: 82/82 对
总明细: 170 笔 (GOOD=17, MID=93, BAD=60)

== 中位数对比(BAD/MID/GOOD) ==
cls            BAD   GOOD    MID
gap_open      0.07   0.98   0.22
chg_tm1       2.12   1.94   1.57
to_tm1        3.50   3.04   2.94
dist_ma20     7.00   7.94   5.81
ret5_tm1      4.36   4.29   4.20
ret60_tm1     7.97   2.13  -2.87
lu_cnt20      0.00   0.00   0.00
ind_lu_tm1    0.00   0.00   0.00
breadth_tm1   4.16   5.26   4.00
max_h_tm1     6.00   6.00   6.00
zha_tm1      33.50  37.00  37.00
weak2strong: {'BAD': 0.017, 'GOOD': 0.0, 'MID': 0.011}
near_high250: {'BAD': 0.183, 'GOOD': 0.059, 'MID': 0.043}

== 触板时间<=10:00 且最终封住的开板次数 ==
cls
GOOD    1.0
MID     1.0
